// Jest Snapshot v1, https://goo.gl/fbAQLP

exports[`Testing home should render conrrectly 1`] = `
.c0 {
  background: hsl(180,29%,50%);
  width: 100%;
  height: 124px;
  position: relative;
  margin-bottom: 2.5rem;
  display: -webkit-box;
  display: -webkit-flex;
  display: -ms-flexbox;
  display: flex;
  -webkit-box-pack: center;
  -webkit-justify-content: center;
  -ms-flex-pack: center;
  justify-content: center;
}

.c0 div:first-child {
  background-image: url('/images/bg-header-desktop.svg');
  width: 100%;
  height: 100%;
  background-repeat: no-repeat;
  background-size: cover;
}

<header
  class="c0"
  data-testid="header"
>
  <div />
</header>
`;
